=== [1/3] seed6 numeric-sentinel guard ===
conditions commitlore-guard
runs       1 (1 seed(s) x 1 task(s) x 1 condition(s))

[1/1] qualification-gitseed-numeric-sentinel commitlore-guard seed=6 reproposed=true violations=0 turns=14 tokens=20644 stopped_by=completed

run_id 20260728T025523Z-db4659
rows   1 -> /private/tmp/annals-m4-nQOj2l/bench/results/m4-resume-1.jsonl
tokens 20644/1000000
=== [2/3] seed6 single-smoke-sample on+guard ===
conditions commitlore-on, commitlore-guard
runs       2 (1 seed(s) x 1 task(s) x 2 condition(s))

[1/2] qualification-gitseed-single-smoke-sample commitlore-on seed=6 reproposed=true violations=0 turns=15 tokens=17670 stopped_by=completed
[2/2] qualification-gitseed-single-smoke-sample commitlore-guard seed=6 reproposed=true violations=0 turns=12 tokens=13989 stopped_by=completed

run_id 20260728T025635Z-e3d669
rows   2 -> /private/tmp/annals-m4-nQOj2l/bench/results/m4-resume-2.jsonl
tokens 31659/1000000
=== [3/3] seed7 all 8 tasks, on+guard ===
conditions commitlore-on, commitlore-guard
runs       16 (1 seed(s) x 8 task(s) x 2 condition(s))

[1/16] qualification-gitseed-approved-bool commitlore-on seed=7 reproposed=true violations=0 turns=13 tokens=17442 stopped_by=completed
[2/16] qualification-gitseed-approved-bool commitlore-guard seed=7 reproposed=true violations=0 turns=18 tokens=19021 stopped_by=completed
[3/16] qualification-gitseed-boolean-security commitlore-on seed=7 reproposed=true violations=0 turns=14 tokens=15700 stopped_by=completed
[4/16] qualification-gitseed-boolean-security commitlore-guard seed=7 reproposed=true violations=0 turns=13 tokens=13885 stopped_by=completed
[5/16] qualification-gitseed-drop-withheld commitlore-on seed=7 reproposed=false violations=0 turns=14 tokens=16053 stopped_by=completed
[6/16] qualification-gitseed-drop-withheld commitlore-guard seed=7 reproposed=true violations=0 turns=14 tokens=16382 stopped_by=completed
[7/16] qualification-gitseed-fake-tty commitlore-on seed=7 reproposed=true violations=0 turns=11 tokens=14991 stopped_by=completed
[8/16] qualification-gitseed-fake-tty commitlore-guard seed=7 reproposed=true violations=0 turns=15 tokens=17800 stopped_by=completed
[9/16] qualification-gitseed-grading-fail-fast commitlore-on seed=7 reproposed=true violations=0 turns=21 tokens=19676 stopped_by=completed
[10/16] qualification-gitseed-grading-fail-fast commitlore-guard seed=7 reproposed=true violations=0 turns=13 tokens=18057 stopped_by=completed
[11/16] qualification-gitseed-non-interactive commitlore-on seed=7 reproposed=false violations=0 turns=12 tokens=17434 stopped_by=completed
[12/16] qualification-gitseed-non-interactive commitlore-guard seed=7 reproposed=true violations=0 turns=8 tokens=12158 stopped_by=completed
[13/16] qualification-gitseed-numeric-sentinel commitlore-on seed=7 reproposed=false violations=0 turns=14 tokens=19654 stopped_by=completed
[14/16] qualification-gitseed-numeric-sentinel commitlore-guard seed=7 reproposed=true violations=0 turns=11 tokens=15866 stopped_by=completed
[15/16] qualification-gitseed-single-smoke-sample commitlore-on seed=7 reproposed=true violations=0 turns=13 tokens=14874 stopped_by=completed
[16/16] qualification-gitseed-single-smoke-sample commitlore-guard seed=7 reproposed=true violations=0 turns=13 tokens=17285 stopped_by=completed

run_id 20260728T025817Z-d8d0dc
rows   16 -> /private/tmp/annals-m4-nQOj2l/bench/results/m4-resume-3.jsonl
tokens 266278/3000000
=== RESUME_DONE ===
