conditions commitlore-on, commitlore-guard
runs       112 (7 seed(s) x 8 task(s) x 2 condition(s))

[1/112] qualification-gitseed-approved-bool commitlore-on seed=1 reproposed=true violations=0 turns=16 tokens=25657 stopped_by=completed
[2/112] qualification-gitseed-approved-bool commitlore-guard seed=1 reproposed=false violations=0 turns=19 tokens=18427 stopped_by=completed
[3/112] qualification-gitseed-boolean-security commitlore-on seed=1 reproposed=true violations=0 turns=15 tokens=15892 stopped_by=completed
[4/112] qualification-gitseed-boolean-security commitlore-guard seed=1 reproposed=true violations=0 turns=21 tokens=19511 stopped_by=completed
[5/112] qualification-gitseed-drop-withheld commitlore-on seed=1 reproposed=false violations=0 turns=16 tokens=23530 stopped_by=completed
[6/112] qualification-gitseed-drop-withheld commitlore-guard seed=1 reproposed=false violations=0 turns=22 tokens=20772 stopped_by=completed
[7/112] qualification-gitseed-fake-tty commitlore-on seed=1 reproposed=true violations=0 turns=19 tokens=21282 stopped_by=completed
[8/112] qualification-gitseed-fake-tty commitlore-guard seed=1 reproposed=true violations=0 turns=12 tokens=15544 stopped_by=completed
[9/112] qualification-gitseed-grading-fail-fast commitlore-on seed=1 reproposed=true violations=0 turns=10 tokens=16285 stopped_by=completed
[10/112] qualification-gitseed-grading-fail-fast commitlore-guard seed=1 reproposed=true violations=0 turns=6 tokens=7248 stopped_by=completed
[11/112] qualification-gitseed-non-interactive commitlore-on seed=1 reproposed=true violations=0 turns=13 tokens=15476 stopped_by=completed
[12/112] qualification-gitseed-non-interactive commitlore-guard seed=1 reproposed=true violations=0 turns=12 tokens=13663 stopped_by=completed
[13/112] qualification-gitseed-numeric-sentinel commitlore-on seed=1 reproposed=true violations=0 turns=12 tokens=20246 stopped_by=completed
[14/112] qualification-gitseed-numeric-sentinel commitlore-guard seed=1 reproposed=true violations=0 turns=16 tokens=21162 stopped_by=completed
[15/112] qualification-gitseed-single-smoke-sample commitlore-on seed=1 reproposed=true violations=0 turns=10 tokens=14846 stopped_by=completed
[16/112] qualification-gitseed-single-smoke-sample commitlore-guard seed=1 reproposed=true violations=0 turns=14 tokens=16872 stopped_by=completed
[17/112] qualification-gitseed-approved-bool commitlore-on seed=2 reproposed=false violations=0 turns=13 tokens=18218 stopped_by=completed
[18/112] qualification-gitseed-approved-bool commitlore-guard seed=2 reproposed=true violations=0 turns=15 tokens=16232 stopped_by=completed
[19/112] qualification-gitseed-boolean-security commitlore-on seed=2 reproposed=true violations=0 turns=16 tokens=18137 stopped_by=completed
[20/112] qualification-gitseed-boolean-security commitlore-guard seed=2 reproposed=true violations=0 turns=21 tokens=21173 stopped_by=completed
[21/112] qualification-gitseed-drop-withheld commitlore-on seed=2 reproposed=false violations=0 turns=12 tokens=17530 stopped_by=completed
[22/112] qualification-gitseed-drop-withheld commitlore-guard seed=2 reproposed=false violations=0 turns=17 tokens=54675 stopped_by=completed
[23/112] qualification-gitseed-fake-tty commitlore-on seed=2 reproposed=true violations=0 turns=23 tokens=26034 stopped_by=completed
[24/112] qualification-gitseed-fake-tty commitlore-guard seed=2 reproposed=true violations=0 turns=18 tokens=17089 stopped_by=completed
[25/112] qualification-gitseed-grading-fail-fast commitlore-on seed=2 reproposed=true violations=0 turns=13 tokens=17029 stopped_by=completed
[26/112] qualification-gitseed-grading-fail-fast commitlore-guard seed=2 reproposed=true violations=0 turns=14 tokens=16674 stopped_by=completed
[27/112] qualification-gitseed-non-interactive commitlore-on seed=2 reproposed=false violations=0 turns=10 tokens=14505 stopped_by=completed
[28/112] qualification-gitseed-non-interactive commitlore-guard seed=2 reproposed=false violations=0 turns=13 tokens=14648 stopped_by=completed
[29/112] qualification-gitseed-numeric-sentinel commitlore-on seed=2 reproposed=true violations=0 turns=19 tokens=25369 stopped_by=completed
[30/112] qualification-gitseed-numeric-sentinel commitlore-guard seed=2 reproposed=true violations=0 turns=15 tokens=22104 stopped_by=completed
[31/112] qualification-gitseed-single-smoke-sample commitlore-on seed=2 reproposed=true violations=0 turns=11 tokens=15971 stopped_by=completed
[32/112] qualification-gitseed-single-smoke-sample commitlore-guard seed=2 reproposed=true violations=0 turns=15 tokens=17580 stopped_by=completed
[33/112] qualification-gitseed-approved-bool commitlore-on seed=3 reproposed=false violations=0 turns=18 tokens=23401 stopped_by=completed
[34/112] qualification-gitseed-approved-bool commitlore-guard seed=3 reproposed=false violations=0 turns=17 tokens=25850 stopped_by=completed
[35/112] qualification-gitseed-boolean-security commitlore-on seed=3 reproposed=true violations=0 turns=9 tokens=12623 stopped_by=completed
[36/112] qualification-gitseed-boolean-security commitlore-guard seed=3 reproposed=true violations=0 turns=12 tokens=14428 stopped_by=completed
[37/112] qualification-gitseed-drop-withheld commitlore-on seed=3 reproposed=false violations=0 turns=15 tokens=18980 stopped_by=completed
[38/112] qualification-gitseed-drop-withheld commitlore-guard seed=3 reproposed=false violations=0 turns=14 tokens=20653 stopped_by=completed
[39/112] qualification-gitseed-fake-tty commitlore-on seed=3 reproposed=true violations=0 turns=13 tokens=14774 stopped_by=completed
[40/112] qualification-gitseed-fake-tty commitlore-guard seed=3 reproposed=true violations=0 turns=18 tokens=15882 stopped_by=completed
[41/112] qualification-gitseed-grading-fail-fast commitlore-on seed=3 reproposed=true violations=0 turns=12 tokens=20443 stopped_by=completed
[42/112] qualification-gitseed-grading-fail-fast commitlore-guard seed=3 reproposed=true violations=0 turns=12 tokens=15170 stopped_by=completed
[43/112] qualification-gitseed-non-interactive commitlore-on seed=3 reproposed=false violations=0 turns=9 tokens=13081 stopped_by=completed
[44/112] qualification-gitseed-non-interactive commitlore-guard seed=3 reproposed=false violations=0 turns=9 tokens=13202 stopped_by=completed
[45/112] qualification-gitseed-numeric-sentinel commitlore-on seed=3 reproposed=true violations=0 turns=11 tokens=19997 stopped_by=completed
[46/112] qualification-gitseed-numeric-sentinel commitlore-guard seed=3 reproposed=true violations=0 turns=23 tokens=45385 stopped_by=completed
[47/112] qualification-gitseed-single-smoke-sample commitlore-on seed=3 reproposed=true violations=0 turns=19 tokens=17259 stopped_by=completed
[48/112] qualification-gitseed-single-smoke-sample commitlore-guard seed=3 reproposed=true violations=0 turns=14 tokens=15640 stopped_by=completed
[49/112] qualification-gitseed-approved-bool commitlore-on seed=4 reproposed=false violations=0 turns=11 tokens=15251 stopped_by=completed
[50/112] qualification-gitseed-approved-bool commitlore-guard seed=4 reproposed=false violations=0 turns=21 tokens=30129 stopped_by=completed
[51/112] qualification-gitseed-boolean-security commitlore-on seed=4 reproposed=true violations=0 turns=14 tokens=15512 stopped_by=completed
[52/112] qualification-gitseed-boolean-security commitlore-guard seed=4 reproposed=true violations=0 turns=13 tokens=14182 stopped_by=completed
[53/112] qualification-gitseed-drop-withheld commitlore-on seed=4 reproposed=false violations=0 turns=18 tokens=23105 stopped_by=completed
[54/112] qualification-gitseed-drop-withheld commitlore-guard seed=4 reproposed=true violations=0 turns=15 tokens=20324 stopped_by=completed
[55/112] qualification-gitseed-fake-tty commitlore-on seed=4 reproposed=true violations=0 turns=11 tokens=13518 stopped_by=completed
[56/112] qualification-gitseed-fake-tty commitlore-guard seed=4 reproposed=true violations=0 turns=14 tokens=16289 stopped_by=completed
[57/112] qualification-gitseed-grading-fail-fast commitlore-on seed=4 reproposed=true violations=0 turns=17 tokens=23038 stopped_by=completed
[58/112] qualification-gitseed-grading-fail-fast commitlore-guard seed=4 reproposed=true violations=0 turns=15 tokens=20025 stopped_by=completed
[59/112] qualification-gitseed-non-interactive commitlore-on seed=4 reproposed=false violations=0 turns=12 tokens=18161 stopped_by=completed
[60/112] qualification-gitseed-non-interactive commitlore-guard seed=4 reproposed=false violations=0 turns=9 tokens=12905 stopped_by=completed
[61/112] qualification-gitseed-numeric-sentinel commitlore-on seed=4 reproposed=true violations=0 turns=14 tokens=23459 stopped_by=completed
[62/112] qualification-gitseed-numeric-sentinel commitlore-guard seed=4 reproposed=false violations=0 turns=21 tokens=41099 stopped_by=completed
[63/112] qualification-gitseed-single-smoke-sample commitlore-on seed=4 reproposed=true violations=0 turns=18 tokens=18339 stopped_by=completed
[64/112] qualification-gitseed-single-smoke-sample commitlore-guard seed=4 reproposed=true violations=0 turns=11 tokens=13782 stopped_by=completed
[65/112] qualification-gitseed-approved-bool commitlore-on seed=5 reproposed=false violations=0 turns=12 tokens=16835 stopped_by=completed
[66/112] qualification-gitseed-approved-bool commitlore-guard seed=5 reproposed=false violations=0 turns=16 tokens=22237 stopped_by=completed
[67/112] qualification-gitseed-boolean-security commitlore-on seed=5 reproposed=true violations=0 turns=17 tokens=16349 stopped_by=completed
[68/112] qualification-gitseed-boolean-security commitlore-guard seed=5 reproposed=true violations=0 turns=20 tokens=17385 stopped_by=completed
[69/112] qualification-gitseed-drop-withheld commitlore-on seed=5 reproposed=false violations=0 turns=12 tokens=16156 stopped_by=completed
[70/112] qualification-gitseed-drop-withheld commitlore-guard seed=5 reproposed=false violations=0 turns=15 tokens=16711 stopped_by=completed
[71/112] qualification-gitseed-fake-tty commitlore-on seed=5 reproposed=true violations=0 turns=16 tokens=14402 stopped_by=completed
[72/112] qualification-gitseed-fake-tty commitlore-guard seed=5 reproposed=true violations=0 turns=18 tokens=16718 stopped_by=completed
[73/112] qualification-gitseed-grading-fail-fast commitlore-on seed=5 reproposed=true violations=0 turns=31 tokens=30013 stopped_by=over-turns
[74/112] qualification-gitseed-grading-fail-fast commitlore-guard seed=5 reproposed=true violations=0 turns=12 tokens=17353 stopped_by=completed
[75/112] qualification-gitseed-non-interactive commitlore-on seed=5 reproposed=false violations=0 turns=17 tokens=20399 stopped_by=completed
[76/112] qualification-gitseed-non-interactive commitlore-guard seed=5 reproposed=true violations=0 turns=10 tokens=13467 stopped_by=completed
[77/112] qualification-gitseed-numeric-sentinel commitlore-on seed=5 reproposed=false violations=0 turns=16 tokens=24477 stopped_by=completed
[78/112] qualification-gitseed-numeric-sentinel commitlore-guard seed=5 reproposed=true violations=0 turns=13 tokens=23965 stopped_by=completed
[79/112] qualification-gitseed-single-smoke-sample commitlore-on seed=5 reproposed=true violations=0 turns=16 tokens=15366 stopped_by=completed
[80/112] qualification-gitseed-single-smoke-sample commitlore-guard seed=5 reproposed=true violations=0 turns=14 tokens=17194 stopped_by=completed
[81/112] qualification-gitseed-approved-bool commitlore-on seed=6 reproposed=false violations=0 turns=20 tokens=23852 stopped_by=completed
[82/112] qualification-gitseed-approved-bool commitlore-guard seed=6 reproposed=false violations=0 turns=17 tokens=17743 stopped_by=completed
[83/112] qualification-gitseed-boolean-security commitlore-on seed=6 reproposed=true violations=0 turns=10 tokens=14228 stopped_by=completed
[84/112] qualification-gitseed-boolean-security commitlore-guard seed=6 reproposed=true violations=0 turns=17 tokens=17102 stopped_by=completed
[85/112] qualification-gitseed-drop-withheld commitlore-on seed=6 reproposed=false violations=0 turns=1 tokens=1902 stopped_by=completed
[86/112] qualification-gitseed-drop-withheld commitlore-guard seed=6 reproposed=false violations=0 turns=12 tokens=15962 stopped_by=completed
[87/112] qualification-gitseed-fake-tty commitlore-on seed=6 reproposed=true violations=0 turns=15 tokens=18289 stopped_by=completed
[88/112] qualification-gitseed-fake-tty commitlore-guard seed=6 reproposed=true violations=0 turns=18 tokens=14686 stopped_by=completed
[89/112] qualification-gitseed-grading-fail-fast commitlore-on seed=6 reproposed=true violations=0 turns=15 tokens=19255 stopped_by=completed
[90/112] qualification-gitseed-grading-fail-fast commitlore-guard seed=6 reproposed=true violations=0 turns=16 tokens=24305 stopped_by=completed
[91/112] qualification-gitseed-non-interactive commitlore-on seed=6 reproposed=false violations=0 turns=9 tokens=13564 stopped_by=completed
[92/112] qualification-gitseed-non-interactive commitlore-guard seed=6 reproposed=false violations=0 turns=10 tokens=13793 stopped_by=completed
